-3.123
18.3
2.5
6.95
123.1234567
6.95
48.3025
-58.9097
335.702675
3.5
3.5
-206.18395