-3
129
2
invalid
2
4
-9
invalid
8
3
-27
